// Jest Snapshot v1, https://goo.gl/fbAQLP

exports[`About snapshot 1`] = `undefined`;
