// Jest Snapshot v1, https://goo.gl/fbAQLP

exports[`AudioButton snapshot 1`] = `undefined`;
