// Jest Snapshot v1, https://goo.gl/fbAQLP

exports[`BirdModal snapshot 1`] = `undefined`;
