// Jest Snapshot v1, https://goo.gl/fbAQLP

exports[`test Home renders 1`] = `undefined`;
