// Jest Snapshot v1, https://goo.gl/fbAQLP

exports[`Leaderboard snapshot 1`] = `undefined`;
