// Jest Snapshot v1, https://goo.gl/fbAQLP

exports[`QuizQuestion snapshot 1`] = `undefined`;
