// Jest Snapshot v1, https://goo.gl/fbAQLP

exports[`ResultPage snapshot 1`] = `undefined`;
