// Jest Snapshot v1, https://goo.gl/fbAQLP

exports[`Tutorial snapshot 1`] = `undefined`;
